
> vite-react-typescript-starter@0.0.0 typecheck
> tsc --noEmit -p tsconfig.app.json

src/components/ProfileModal.tsx(104,10): error TS17008: JSX element 'form' has no corresponding closing tag.
src/components/ProfileModal.tsx(345,27): error TS1005: ')' expected.
src/components/ProfileModal.tsx(348,17): error TS1381: Unexpected token. Did you mean `{'}'}` or `&rbrace;`?
src/components/ProfileModal.tsx(349,13): error TS1382: Unexpected token. Did you mean `{'>'}` or `&gt;`?
src/components/ProfileModal.tsx(452,7): error TS17002: Expected corresponding JSX closing tag for 'div'.
src/components/ProfileModal.tsx(453,5): error TS1005: ')' expected.
src/components/ProfileModal.tsx(454,3): error TS1109: Expression expected.
src/components/ProfileModal.tsx(457,1): error TS1160: Unterminated template literal.
